# IFCONFIG AND ASSIGNMENT OF STATIC IP ADDRESS AND MAC ADDRESS

varshini@varshini:~$ ifconfig
enp0s3: flags=4163<UP,BROADCAST,RUNNING,MULTICAST>  mtu 1500
        inet 10.0.2.15  netmask 255.255.255.0  broadcast 10.0.2.255
        inet6 fe80::a00:27ff:fef7:af83  prefixlen 64  scopeid 0x20<link>
        inet6 fd00::a00:27ff:fef7:af83  prefixlen 64  scopeid 0x0<global>
        inet6 fd00::f8b9:9845:d2fc:92d5  prefixlen 64  scopeid 0x0<global>
        ether 08:00:27:f7:af:83  txqueuelen 1000  (Ethernet)
        RX packets 78730  bytes 104624650 (104.6 MB)
        RX errors 0  dropped 0  overruns 0  frame 0
        TX packets 13941  bytes 1258494 (1.2 MB)
        TX errors 0  dropped 0 overruns 0  carrier 0  collisions 0

lo: flags=73<UP,LOOPBACK,RUNNING>  mtu 65536
        inet 127.0.0.1  netmask 255.0.0.0
        inet6 ::1  prefixlen 128  scopeid 0x10<host>
        loop  txqueuelen 1000  (Local Loopback)
        RX packets 839  bytes 78832 (78.8 KB)
        RX errors 0  dropped 0  overruns 0  frame 0
        TX packets 839  bytes 78832 (78.8 KB)
        TX errors 0  dropped 0 overruns 0  carrier 0  collisions 0


# STATIC IP ADDRESS AND MAC ADDRESS

varshini@varshini:~$ sudo ifconfig enp0s3 192.168.1.10 netmask 255.255.255.0 up
varshini@varshini:~$ sudo ifconfig enp0s3 hw ether 00:11:22:33:44:55

arshini@varshini:~$ ifconfig enp0s3
enp0s3: flags=4163<UP,BROADCAST,RUNNING,MULTICAST>  mtu 1500
        inet 192.168.1.10  netmask 255.255.255.0  broadcast 192.168.1.255
        inet6 fe80::a00:27ff:fef7:af83  prefixlen 64  scopeid 0x20<link>
        inet6 fd00::a00:27ff:fef7:af83  prefixlen 64  scopeid 0x0<global>
        inet6 fd00::f8b9:9845:d2fc:92d5  prefixlen 64  scopeid 0x0<global>
        ether 00:11:22:33:44:55  txqueuelen 1000  (Ethernet)
        RX packets 78730  bytes 104624650 (104.6 MB)
        RX errors 0  dropped 0  overruns 0  frame 0
        TX packets 13966  bytes 1262298 (1.2 MB)
        TX errors 0  dropped 0 overruns 0  carrier 0  collisions 0



#PING TO CHECK CONNECTIVITY

varshini@varshini:~$ ping 192.168.1.10
PING 192.168.1.10 (192.168.1.10) 56(84) bytes of data.
64 bytes from 192.168.1.10: icmp_seq=1 ttl=64 time=0.021 ms
64 bytes from 192.168.1.10: icmp_seq=2 ttl=64 time=0.033 ms
64 bytes from 192.168.1.10: icmp_seq=3 ttl=64 time=0.037 ms
64 bytes from 192.168.1.10: icmp_seq=4 ttl=64 time=0.030 ms
64 bytes from 192.168.1.10: icmp_seq=5 ttl=64 time=0.033 ms
64 bytes from 192.168.1.10: icmp_seq=6 ttl=64 time=0.031 ms
64 bytes from 192.168.1.10: icmp_seq=7 ttl=64 time=0.046 ms
^C
--- 192.168.1.10 ping statistics ---
7 packets transmitted, 7 received, 0% packet loss, time 6125ms
rtt min/avg/max/mdev = 0.021/0.033/0.046/0.007 ms

